// Jest Snapshot v1, https://goo.gl/fbAQLP

exports[`AnimatedWalletCard should match snapshot 1`] = `
<View
  accessibilityLabel="Card"
  accessibilityRole="button"
  accessibilityState={
    {
      "busy": undefined,
      "checked": undefined,
      "disabled": undefined,
      "expanded": undefined,
      "selected": undefined,
    }
  }
  accessibilityValue={
    {
      "max": undefined,
      "min": undefined,
      "now": undefined,
      "text": undefined,
    }
  }
  accessible={true}
  collapsable={false}
  focusable={true}
  onClick={[Function]}
  onResponderGrant={[Function]}
  onResponderMove={[Function]}
  onResponderRelease={[Function]}
  onResponderTerminate={[Function]}
  onResponderTerminationRequest={[Function]}
  onStartShouldSetResponder={[Function]}
  style={
    {
      "height": 180,
      "marginTop": -150,
      "opacity": 1,
      "width": 690,
      "zIndex": 2,
    }
  }
  testID="animated-wallet-card"
>
  <View
    style={
      [
        {
          "borderRadius": 16,
          "elevation": 8,
          "height": 200,
          "justifyContent": "space-between",
          "paddingBottom": 40,
          "paddingHorizontal": 16,
          "paddingTop": 30,
          "shadowColor": "#000",
          "shadowOffset": {
            "height": 4,
            "width": 0,
          },
          "shadowOpacity": 0.3,
          "shadowRadius": 8,
          "width": "100%",
        },
        {
          "backgroundColor": "#FFFFFF",
        },
      ]
    }
    testID="credit-card-1"
  >
    <Text
      style={
        [
          {
            "fontSize": 18,
            "fontWeight": "400",
            "lineHeight": 20,
            "marginBottom": 3,
          },
          {
            "color": "#111111",
          },
        ]
      }
    >
      Black
    </Text>
    <View
      style={
        {
          "flex": 1,
          "justifyContent": "flex-end",
        }
      }
    >
      <Text
        style={
          [
            {
              "fontSize": 16,
              "fontWeight": "400",
              "lineHeight": 18,
              "marginBottom": 3,
            },
            {
              "color": "#111111",
            },
          ]
        }
      >
        MARCUS HOLANDA
      </Text>
      <Text
        accessibilityLabel="Final 1111"
        style={
          [
            {
              "color": "#111111",
            },
            {
              "fontSize": 14,
              "fontWeight": "400",
              "letterSpacing": 1,
              "lineHeight": 16,
              "marginBottom": 3,
            },
          ]
        }
        testID="credit-card-1-number"
      >
        •••• •••• •••• 1111
      </Text>
      <Text
        style={
          [
            {
              "fontSize": 14,
              "fontWeight": "400",
              "lineHeight": 16,
            },
            {
              "color": "#111111",
            },
          ]
        }
      >
        Validade 
        12/30
      </Text>
    </View>
  </View>
</View>
`;
