// Jest Snapshot v1, https://goo.gl/fbAQLP

exports[`Credit card should match snapshot 1`] = `
<View
  accessibilityState={
    {
      "busy": undefined,
      "checked": undefined,
      "disabled": false,
      "expanded": undefined,
      "selected": undefined,
    }
  }
  accessibilityValue={
    {
      "max": undefined,
      "min": undefined,
      "now": undefined,
      "text": undefined,
    }
  }
  accessible={true}
  collapsable={false}
  focusable={true}
  onClick={[Function]}
  onResponderGrant={[Function]}
  onResponderMove={[Function]}
  onResponderRelease={[Function]}
  onResponderTerminate={[Function]}
  onResponderTerminationRequest={[Function]}
  onStartShouldSetResponder={[Function]}
  style={
    {
      "alignItems": "center",
      "backgroundColor": "#000",
      "borderRadius": 12,
      "height": 55,
      "justifyContent": "center",
      "opacity": 1,
      "paddingVertical": 10,
      "width": 200,
    }
  }
  testID="button-component"
>
  <Text
    style={
      [
        {
          "fontSize": 18,
          "fontWeight": "400",
          "lineHeight": 20,
        },
        {
          "color": "#fff",
        },
      ]
    }
  >
    Test Button
  </Text>
</View>
`;
